// Jest Snapshot v1, https://goo.gl/fbAQLP

exports[`renders correctly 1`] = `
<div
  className="mt-5 mb-5 container"
>
  <div
    className="whoWeAre row"
  >
    <div
      className="col-md-8 offset-md-2 text-center col"
    >
      <h2
        className="titles"
      >
        whoWeAre.title
      </h2>
      <p
        className="mt-4"
      >
        contact.team.paragraph
      </p>
    </div>
  </div>
</div>
`;
