// Jest Snapshot v1, https://goo.gl/fbAQLP

exports[`renders correctly 1`] = `
<div
  className="maincontent pt-5 pb-5 fdb-block container-fluid"
>
  <div
    className="row"
  >
    <div
      className="col-md-4 col-sm-12 offset-md-2"
      mt-5={true}
    >
      <h2
        className="title-about"
      >
        aboutUsContent.title
      </h2>
      <p
        className="aboutcontent  mt-4"
      >
        aboutUsContent.title.paragraph
      </p>
      <div
        className="row"
      >
        <div
          className="mt-5 col"
        >
          <img
            alt="alt"
            className="d-flex justify-content-between"
            src="vision.png"
          />
          <h5
            className="subTitle"
          >
            aboutUsContent.vission
          </h5>
          <p>
            aboutUsContent.vissionText
          </p>
        </div>
        <div
          className="mt-5 col"
        >
          <img
            alt="alt"
            className="d-flex justify-content-between"
            src="vision.png"
          />
          <h5
            className="subTitle"
          >
            aboutUsContent.mission
          </h5>
          <p>
            aboutUsContent.missionText
          </p>
        </div>
      </div>
    </div>
    <div
      className="col-md-6 col-sm-12"
    >
      <img
        alt="alt"
        className="groupImage"
        src="aboutimage.png"
      />
    </div>
  </div>
</div>
`;
